20:49:42  ============================================================
20:49:42    STANCE ANALYSIS PIPELINE — 4d
20:49:42    Run time: 2026-04-06 20:49
20:49:42  ============================================================
20:49:42  Loading governance_papers.csv...
20:49:42    Governance papers loaded: 3,186
20:49:42  Loading abstracts from scopus_cleaned.csv...
20:49:43    Papers ready for classification: 3,186
20:49:43  Loading zero-shot classifier: facebook/bart-large-mnli
20:49:43    (This downloads ~1.6GB on first run — cached afterwards)
20:49:48    Using device: MPS (Apple Silicon)
20:49:48  HTTP Request: HEAD https://huggingface.co/facebook/bart-large-mnli/resolve/main/config.json "HTTP/1.1 307 Temporary Redirect"
20:49:48  HTTP Request: HEAD https://huggingface.co/api/resolve-cache/models/facebook/bart-large-mnli/d7645e127eaf1aefc7862fd59a17a5aa8558b8ce/config.json "HTTP/1.1 200 OK"
20:49:48  HTTP Request: GET https://huggingface.co/api/resolve-cache/models/facebook/bart-large-mnli/d7645e127eaf1aefc7862fd59a17a5aa8558b8ce/config.json "HTTP/1.1 200 OK"
20:49:48  HTTP Request: HEAD https://huggingface.co/facebook/bart-large-mnli/resolve/main/model.safetensors "HTTP/1.1 302 Found"
20:49:48  HTTP Request: GET https://huggingface.co/api/models/facebook/bart-large-mnli/xet-read-token/d7645e127eaf1aefc7862fd59a17a5aa8558b8ce "HTTP/1.1 200 OK"
20:50:19  HTTP Request: HEAD https://huggingface.co/facebook/bart-large-mnli/resolve/main/tokenizer_config.json "HTTP/1.1 307 Temporary Redirect"
20:50:19  HTTP Request: HEAD https://huggingface.co/api/resolve-cache/models/facebook/bart-large-mnli/d7645e127eaf1aefc7862fd59a17a5aa8558b8ce/tokenizer_config.json "HTTP/1.1 200 OK"
20:50:19  HTTP Request: GET https://huggingface.co/api/resolve-cache/models/facebook/bart-large-mnli/d7645e127eaf1aefc7862fd59a17a5aa8558b8ce/tokenizer_config.json "HTTP/1.1 200 OK"
20:50:19  HTTP Request: GET https://huggingface.co/api/models/facebook/bart-large-mnli/tree/main/additional_chat_templates?recursive=false&expand=false "HTTP/1.1 404 Not Found"
20:50:19  HTTP Request: GET https://huggingface.co/api/models/facebook/bart-large-mnli/tree/main?recursive=true&expand=false "HTTP/1.1 200 OK"
20:50:19  HTTP Request: HEAD https://huggingface.co/facebook/bart-large-mnli/resolve/main/vocab.json "HTTP/1.1 307 Temporary Redirect"
20:50:19  HTTP Request: HEAD https://huggingface.co/api/resolve-cache/models/facebook/bart-large-mnli/d7645e127eaf1aefc7862fd59a17a5aa8558b8ce/vocab.json "HTTP/1.1 200 OK"
20:50:20  HTTP Request: GET https://huggingface.co/api/resolve-cache/models/facebook/bart-large-mnli/d7645e127eaf1aefc7862fd59a17a5aa8558b8ce/vocab.json "HTTP/1.1 200 OK"
20:50:20  HTTP Request: HEAD https://huggingface.co/facebook/bart-large-mnli/resolve/main/merges.txt "HTTP/1.1 307 Temporary Redirect"
20:50:20  HTTP Request: HEAD https://huggingface.co/api/resolve-cache/models/facebook/bart-large-mnli/d7645e127eaf1aefc7862fd59a17a5aa8558b8ce/merges.txt "HTTP/1.1 200 OK"
20:50:20  HTTP Request: GET https://huggingface.co/api/resolve-cache/models/facebook/bart-large-mnli/d7645e127eaf1aefc7862fd59a17a5aa8558b8ce/merges.txt "HTTP/1.1 200 OK"
20:50:20  HTTP Request: HEAD https://huggingface.co/facebook/bart-large-mnli/resolve/main/tokenizer.json "HTTP/1.1 307 Temporary Redirect"
20:50:20  HTTP Request: HEAD https://huggingface.co/api/resolve-cache/models/facebook/bart-large-mnli/d7645e127eaf1aefc7862fd59a17a5aa8558b8ce/tokenizer.json "HTTP/1.1 200 OK"
20:50:20  HTTP Request: GET https://huggingface.co/api/resolve-cache/models/facebook/bart-large-mnli/d7645e127eaf1aefc7862fd59a17a5aa8558b8ce/tokenizer.json "HTTP/1.1 200 OK"
20:50:20  HTTP Request: HEAD https://huggingface.co/facebook/bart-large-mnli/resolve/main/added_tokens.json "HTTP/1.1 404 Not Found"
20:50:20  HTTP Request: HEAD https://huggingface.co/facebook/bart-large-mnli/resolve/main/special_tokens_map.json "HTTP/1.1 404 Not Found"
20:50:20  HTTP Request: HEAD https://huggingface.co/facebook/bart-large-mnli/resolve/main/chat_template.jinja "HTTP/1.1 404 Not Found"
20:50:21    ✅ Classifier loaded
20:50:21  
20:50:21  ============================================================
20:50:21    STANCE CLASSIFICATION
20:50:21  ============================================================
20:50:21    Papers to classify: 3,186
20:50:21    Batch size: 8
20:50:21    Estimated time: 199 minutes
20:50:21    Batch 1/399 (0%)...
20:50:48    Batch 20/399 (5%)...
20:51:09    Batch 40/399 (10%)...
20:51:28    Batch 60/399 (15%)...
20:51:48    Batch 80/399 (20%)...
20:52:13    Batch 100/399 (25%)...
20:52:39    Batch 120/399 (30%)...
20:53:01    Batch 140/399 (35%)...
